14 models on 15,923 evaluation names, seed 42
=== McNemar on the seed-42 predictions ===
     char_model           other  char_right_other_wrong  other_right_char_wrong       p_exact       p_holm  significant_05
      CharBiGRU       TF-IDF+RF                     837                     183 1.959056e-100 9.011656e-99            True
     CharBiLSTM       TF-IDF+RF                     831                     199  2.621975e-92 1.179889e-90            True
      CharBiRNN       TF-IDF+RF                     789                     208  3.524860e-80 1.550938e-78            True
      CharBiGRU       WordBiRNN                     749                     253  1.594271e-57 6.855366e-56            True
     CharBiLSTM       WordBiRNN                     745                     271  1.033835e-51 4.342107e-50            True
CharTransformer       TF-IDF+RF                     786                     298  2.999777e-51 1.229908e-49            True
      CharBiGRU      WordBiLSTM                     713                     272  3.362784e-46 1.345114e-44            True
      CharBiGRU       WordBiGRU                     699                     276  5.824006e-43 2.271362e-41            True
     CharBiLSTM      WordBiLSTM                     708                     289  3.320757e-41 1.261887e-39            True
      CharBiRNN       WordBiRNN                     721                     298  4.593467e-41 1.699583e-39            True
     CharBiLSTM       WordBiGRU                     691                     290  2.106730e-38 7.584229e-37            True
      CharBiGRU WordTransformer                     651                     271  8.900757e-37 3.115265e-35            True
     CharBiLSTM WordTransformer                     640                     282  1.030833e-32 3.504832e-31            True
      CharBiRNN      WordBiLSTM                     681                     313  5.025447e-32 1.658397e-30            True
      CharBiRNN       WordBiGRU                     668                     318  2.742882e-29 8.777224e-28            True
      CharBiRNN WordTransformer                     618                     311  3.938829e-24 1.221037e-22            True
CharTransformer       WordBiRNN                     731                     401  6.937733e-23 2.081320e-21            True
CharTransformer      TF-IDF+SVM                     183                     383  2.825360e-17 8.193544e-16            True
CharTransformer      WordBiLSTM                     681                     406  6.540059e-17 1.831217e-15            True
CharTransformer           XLM-R                     164                     342  1.846200e-15 4.984739e-14            True
CharTransformer       WordBiGRU                     670                     413  5.479041e-15 1.424551e-13            True
      CharBiGRU CharTransformer                     327                     161  4.623196e-14 1.155799e-12            True
CharTransformer           mBERT                     190                     367  5.452492e-14 1.308598e-12            True
CharTransformer WordTransformer                     617                     403  2.181028e-11 5.016365e-10            True
CharTransformer       TF-IDF+LR                     202                     360  2.629275e-11 5.784405e-10            True
     CharBiLSTM CharTransformer                     321                     177  1.101829e-10 2.313841e-09            True
      CharBiRNN      TF-IDF+SVM                     165                     272  3.485827e-07 6.971655e-06            True
CharTransformer        IndoBERT                     224                     342  8.017966e-07 1.523414e-05            True
      CharBiRNN           XLM-R                     187                     272  8.454374e-05 1.521787e-03            True
      CharBiRNN CharTransformer                     334                     241  1.208648e-04 2.054702e-03            True
      CharBiRNN           mBERT                     197                     281  1.416288e-04 2.266061e-03            True
      CharBiRNN       CharBiGRU                     166                     239  3.351516e-04 5.027274e-03            True
      CharBiRNN       TF-IDF+LR                     166                     231  1.289038e-03 1.804654e-02            True
     CharBiLSTM      TF-IDF+SVM                     172                     228  5.891049e-03 7.658364e-02           False
      CharBiRNN      CharBiLSTM                     190                     241  1.592365e-02 1.910838e-01           False
      CharBiGRU        IndoBERT                     266                     218  3.254285e-02 3.579714e-01           False
      CharBiGRU      TF-IDF+SVM                     177                     211  9.374369e-02 9.374369e-01           False
     CharBiLSTM           XLM-R                     185                     219  1.005100e-01 9.374369e-01           False
     CharBiLSTM           mBERT                     201                     234  1.248623e-01 9.988985e-01           False
     CharBiLSTM       CharBiGRU                     133                     155  2.158548e-01 1.000000e+00           False
     CharBiLSTM        IndoBERT                     272                     246  2.719980e-01 1.000000e+00           False
      CharBiRNN        IndoBERT                     241                     266  2.864685e-01 1.000000e+00           False
     CharBiLSTM       TF-IDF+LR                     190                     204  5.125637e-01 1.000000e+00           False
      CharBiGRU           XLM-R                     190                     202  5.785515e-01 1.000000e+00           False
      CharBiGRU           mBERT                     214                     225  6.332171e-01 1.000000e+00           False
      CharBiGRU       TF-IDF+LR                     184                     176  7.122334e-01 1.000000e+00           False

Written to D:\MyPaper\RisetNamaGender\results\final\08_significance
