PyTorch 2.11.0+cu128 | Device: cuda | seeds=[42, 7, 123, 2024, 777]
Train 169,329 (M=103,281 F=66,048, pos_weight=1.5637) | Val 15,923
Tokenizers: char=33 word=24947
[  1/120] unweighted    CharBiRNN        seed=42    F1=0.9577 (best ep 13, 66s)
[  2/120] unweighted    CharBiRNN        seed=7     F1=0.9562 (best ep 13, 66s)
[  3/120] unweighted    CharBiRNN        seed=123   F1=0.9551 (best ep 17, 74s)
[  4/120] unweighted    CharBiRNN        seed=2024  F1=0.9599 (best ep 16, 66s)
[  5/120] unweighted    CharBiRNN        seed=777   F1=0.9570 (best ep 13, 57s)
[  6/120] unweighted    CharBiLSTM       seed=42    F1=0.9594 (best ep 10, 49s)
[  7/120] unweighted    CharBiLSTM       seed=7     F1=0.9596 (best ep 13, 58s)
[  8/120] unweighted    CharBiLSTM       seed=123   F1=0.9605 (best ep 7, 40s)
[  9/120] unweighted    CharBiLSTM       seed=2024  F1=0.9612 (best ep 13, 58s)
[ 10/120] unweighted    CharBiLSTM       seed=777   F1=0.9590 (best ep 17, 71s)
[ 11/120] unweighted    CharBiGRU        seed=42    F1=0.9591 (best ep 13, 60s)
[ 12/120] unweighted    CharBiGRU        seed=7     F1=0.9603 (best ep 13, 59s)
[ 13/120] unweighted    CharBiGRU        seed=123   F1=0.9587 (best ep 7, 41s)
[ 14/120] unweighted    CharBiGRU        seed=2024  F1=0.9590 (best ep 11, 53s)
[ 15/120] unweighted    CharBiGRU        seed=777   F1=0.9586 (best ep 6, 37s)
program\experiment_imbalance_protocol.py:156: UserWarning: enable_nested_tensor is True, but self.use_nested_tensor is False because encoder_layer.norm_first was True
  self.encoder = nn.TransformerEncoder(layer, num_layers=layers)
[ 16/120] unweighted    CharTransformer  seed=42    F1=0.9532 (best ep 38, 322s)
program\experiment_imbalance_protocol.py:156: UserWarning: enable_nested_tensor is True, but self.use_nested_tensor is False because encoder_layer.norm_first was True
  self.encoder = nn.TransformerEncoder(layer, num_layers=layers)
[ 17/120] unweighted    CharTransformer  seed=7     F1=0.9557 (best ep 33, 288s)
program\experiment_imbalance_protocol.py:156: UserWarning: enable_nested_tensor is True, but self.use_nested_tensor is False because encoder_layer.norm_first was True
  self.encoder = nn.TransformerEncoder(layer, num_layers=layers)
[ 18/120] unweighted    CharTransformer  seed=123   F1=0.9531 (best ep 36, 311s)
program\experiment_imbalance_protocol.py:156: UserWarning: enable_nested_tensor is True, but self.use_nested_tensor is False because encoder_layer.norm_first was True
  self.encoder = nn.TransformerEncoder(layer, num_layers=layers)
[ 19/120] unweighted    CharTransformer  seed=2024  F1=0.9543 (best ep 33, 293s)
program\experiment_imbalance_protocol.py:156: UserWarning: enable_nested_tensor is True, but self.use_nested_tensor is False because encoder_layer.norm_first was True
  self.encoder = nn.TransformerEncoder(layer, num_layers=layers)
[ 20/120] unweighted    CharTransformer  seed=777   F1=0.9534 (best ep 31, 279s)
[ 21/120] unweighted    WordBiRNN        seed=42    F1=0.9314 (best ep 8, 44s)
[ 22/120] unweighted    WordBiRNN        seed=7     F1=0.9308 (best ep 13, 58s)
[ 23/120] unweighted    WordBiRNN        seed=123   F1=0.9333 (best ep 9, 47s)
[ 24/120] unweighted    WordBiRNN        seed=2024  F1=0.9312 (best ep 16, 67s)
[ 25/120] unweighted    WordBiRNN        seed=777   F1=0.9297 (best ep 10, 50s)
[ 26/120] unweighted    WordBiLSTM       seed=42    F1=0.9309 (best ep 6, 38s)
[ 27/120] unweighted    WordBiLSTM       seed=7     F1=0.9307 (best ep 6, 38s)
[ 28/120] unweighted    WordBiLSTM       seed=123   F1=0.9341 (best ep 7, 42s)
[ 29/120] unweighted    WordBiLSTM       seed=2024  F1=0.9310 (best ep 13, 59s)
[ 30/120] unweighted    WordBiLSTM       seed=777   F1=0.9317 (best ep 7, 42s)
[ 31/120] unweighted    WordBiGRU        seed=42    F1=0.9306 (best ep 8, 44s)
[ 32/120] unweighted    WordBiGRU        seed=7     F1=0.9287 (best ep 13, 59s)
[ 33/120] unweighted    WordBiGRU        seed=123   F1=0.9327 (best ep 7, 42s)
[ 34/120] unweighted    WordBiGRU        seed=2024  F1=0.9320 (best ep 13, 62s)
[ 35/120] unweighted    WordBiGRU        seed=777   F1=0.9291 (best ep 10, 50s)
program\experiment_imbalance_protocol.py:156: UserWarning: enable_nested_tensor is True, but self.use_nested_tensor is False because encoder_layer.norm_first was True
  self.encoder = nn.TransformerEncoder(layer, num_layers=layers)
[ 36/120] unweighted    WordTransformer  seed=42    F1=0.9249 (best ep 10, 67s)
program\experiment_imbalance_protocol.py:156: UserWarning: enable_nested_tensor is True, but self.use_nested_tensor is False because encoder_layer.norm_first was True
  self.encoder = nn.TransformerEncoder(layer, num_layers=layers)
[ 37/120] unweighted    WordTransformer  seed=7     F1=0.9231 (best ep 13, 84s)
program\experiment_imbalance_protocol.py:156: UserWarning: enable_nested_tensor is True, but self.use_nested_tensor is False because encoder_layer.norm_first was True
  self.encoder = nn.TransformerEncoder(layer, num_layers=layers)
[ 38/120] unweighted    WordTransformer  seed=123   F1=0.9358 (best ep 7, 55s)
program\experiment_imbalance_protocol.py:156: UserWarning: enable_nested_tensor is True, but self.use_nested_tensor is False because encoder_layer.norm_first was True
  self.encoder = nn.TransformerEncoder(layer, num_layers=layers)
[ 39/120] unweighted    WordTransformer  seed=2024  F1=0.9223 (best ep 11, 73s)
program\experiment_imbalance_protocol.py:156: UserWarning: enable_nested_tensor is True, but self.use_nested_tensor is False because encoder_layer.norm_first was True
  self.encoder = nn.TransformerEncoder(layer, num_layers=layers)
[ 40/120] unweighted    WordTransformer  seed=777   F1=0.9244 (best ep 14, 86s)
[ 41/120] oversampling  CharBiRNN        seed=42    F1=0.9562 (best ep 15, 78s)
[ 42/120] oversampling  CharBiRNN        seed=7     F1=0.9542 (best ep 14, 75s)
[ 43/120] oversampling  CharBiRNN        seed=123   F1=0.9555 (best ep 15, 79s)
[ 44/120] oversampling  CharBiRNN        seed=2024  F1=0.9561 (best ep 22, 104s)
[ 45/120] oversampling  CharBiRNN        seed=777   F1=0.9565 (best ep 13, 71s)
[ 46/120] oversampling  CharBiLSTM       seed=42    F1=0.9599 (best ep 10, 61s)
[ 47/120] oversampling  CharBiLSTM       seed=7     F1=0.9588 (best ep 9, 59s)
[ 48/120] oversampling  CharBiLSTM       seed=123   F1=0.9588 (best ep 9, 57s)
[ 49/120] oversampling  CharBiLSTM       seed=2024  F1=0.9582 (best ep 11, 65s)
[ 50/120] oversampling  CharBiLSTM       seed=777   F1=0.9586 (best ep 8, 54s)
[ 51/120] oversampling  CharBiGRU        seed=42    F1=0.9584 (best ep 11, 66s)
[ 52/120] oversampling  CharBiGRU        seed=7     F1=0.9587 (best ep 9, 58s)
[ 53/120] oversampling  CharBiGRU        seed=123   F1=0.9587 (best ep 6, 47s)
[ 54/120] oversampling  CharBiGRU        seed=2024  F1=0.9608 (best ep 9, 58s)
[ 55/120] oversampling  CharBiGRU        seed=777   F1=0.9585 (best ep 8, 53s)
program\experiment_imbalance_protocol.py:156: UserWarning: enable_nested_tensor is True, but self.use_nested_tensor is False because encoder_layer.norm_first was True
  self.encoder = nn.TransformerEncoder(layer, num_layers=layers)
[ 56/120] oversampling  CharTransformer  seed=42    F1=0.9537 (best ep 30, 318s)
program\experiment_imbalance_protocol.py:156: UserWarning: enable_nested_tensor is True, but self.use_nested_tensor is False because encoder_layer.norm_first was True
  self.encoder = nn.TransformerEncoder(layer, num_layers=layers)
[ 57/120] oversampling  CharTransformer  seed=7     F1=0.9574 (best ep 34, 361s)
program\experiment_imbalance_protocol.py:156: UserWarning: enable_nested_tensor is True, but self.use_nested_tensor is False because encoder_layer.norm_first was True
  self.encoder = nn.TransformerEncoder(layer, num_layers=layers)
[ 58/120] oversampling  CharTransformer  seed=123   F1=0.9518 (best ep 39, 413s)
program\experiment_imbalance_protocol.py:156: UserWarning: enable_nested_tensor is True, but self.use_nested_tensor is False because encoder_layer.norm_first was True
  self.encoder = nn.TransformerEncoder(layer, num_layers=layers)
[ 59/120] oversampling  CharTransformer  seed=2024  F1=0.9510 (best ep 18, 227s)
program\experiment_imbalance_protocol.py:156: UserWarning: enable_nested_tensor is True, but self.use_nested_tensor is False because encoder_layer.norm_first was True
  self.encoder = nn.TransformerEncoder(layer, num_layers=layers)
[ 60/120] oversampling  CharTransformer  seed=777   F1=0.9544 (best ep 25, 293s)
[ 61/120] oversampling  WordBiRNN        seed=42    F1=0.9332 (best ep 12, 66s)
[ 62/120] oversampling  WordBiRNN        seed=7     F1=0.9321 (best ep 10, 57s)
[ 63/120] oversampling  WordBiRNN        seed=123   F1=0.9310 (best ep 9, 54s)
[ 64/120] oversampling  WordBiRNN        seed=2024  F1=0.9324 (best ep 13, 68s)
[ 65/120] oversampling  WordBiRNN        seed=777   F1=0.9300 (best ep 10, 57s)
[ 66/120] oversampling  WordBiLSTM       seed=42    F1=0.9329 (best ep 8, 51s)
[ 67/120] oversampling  WordBiLSTM       seed=7     F1=0.9324 (best ep 5, 40s)
[ 68/120] oversampling  WordBiLSTM       seed=123   F1=0.9339 (best ep 11, 62s)
[ 69/120] oversampling  WordBiLSTM       seed=2024  F1=0.9326 (best ep 11, 62s)
[ 70/120] oversampling  WordBiLSTM       seed=777   F1=0.9330 (best ep 5, 40s)
[ 71/120] oversampling  WordBiGRU        seed=42    F1=0.9303 (best ep 9, 54s)
[ 72/120] oversampling  WordBiGRU        seed=7     F1=0.9328 (best ep 6, 44s)
[ 73/120] oversampling  WordBiGRU        seed=123   F1=0.9339 (best ep 6, 44s)
[ 74/120] oversampling  WordBiGRU        seed=2024  F1=0.9316 (best ep 9, 55s)
[ 75/120] oversampling  WordBiGRU        seed=777   F1=0.9333 (best ep 10, 61s)
program\experiment_imbalance_protocol.py:156: UserWarning: enable_nested_tensor is True, but self.use_nested_tensor is False because encoder_layer.norm_first was True
  self.encoder = nn.TransformerEncoder(layer, num_layers=layers)
[ 76/120] oversampling  WordTransformer  seed=42    F1=0.9359 (best ep 11, 91s)
program\experiment_imbalance_protocol.py:156: UserWarning: enable_nested_tensor is True, but self.use_nested_tensor is False because encoder_layer.norm_first was True
  self.encoder = nn.TransformerEncoder(layer, num_layers=layers)
[ 77/120] oversampling  WordTransformer  seed=7     F1=0.9348 (best ep 8, 77s)
program\experiment_imbalance_protocol.py:156: UserWarning: enable_nested_tensor is True, but self.use_nested_tensor is False because encoder_layer.norm_first was True
  self.encoder = nn.TransformerEncoder(layer, num_layers=layers)
[ 78/120] oversampling  WordTransformer  seed=123   F1=0.9345 (best ep 7, 73s)
program\experiment_imbalance_protocol.py:156: UserWarning: enable_nested_tensor is True, but self.use_nested_tensor is False because encoder_layer.norm_first was True
  self.encoder = nn.TransformerEncoder(layer, num_layers=layers)
[ 79/120] oversampling  WordTransformer  seed=2024  F1=0.9349 (best ep 10, 93s)
program\experiment_imbalance_protocol.py:156: UserWarning: enable_nested_tensor is True, but self.use_nested_tensor is False because encoder_layer.norm_first was True
  self.encoder = nn.TransformerEncoder(layer, num_layers=layers)
[ 80/120] oversampling  WordTransformer  seed=777   F1=0.9349 (best ep 5, 65s)
[ 81/120] balanced      CharBiRNN        seed=42    F1=0.9558 (best ep 14, 64s)
[ 82/120] balanced      CharBiRNN        seed=7     F1=0.9547 (best ep 20, 85s)
[ 83/120] balanced      CharBiRNN        seed=123   F1=0.9548 (best ep 13, 59s)
[ 84/120] balanced      CharBiRNN        seed=2024  F1=0.9559 (best ep 29, 104s)
[ 85/120] balanced      CharBiRNN        seed=777   F1=0.9571 (best ep 14, 59s)
[ 86/120] balanced      CharBiLSTM       seed=42    F1=0.9573 (best ep 14, 61s)
[ 87/120] balanced      CharBiLSTM       seed=7     F1=0.9574 (best ep 12, 54s)
[ 88/120] balanced      CharBiLSTM       seed=123   F1=0.9603 (best ep 14, 61s)
[ 89/120] balanced      CharBiLSTM       seed=2024  F1=0.9587 (best ep 15, 65s)
[ 90/120] balanced      CharBiLSTM       seed=777   F1=0.9573 (best ep 9, 46s)
[ 91/120] balanced      CharBiGRU        seed=42    F1=0.9584 (best ep 10, 47s)
[ 92/120] balanced      CharBiGRU        seed=7     F1=0.9593 (best ep 15, 63s)
[ 93/120] balanced      CharBiGRU        seed=123   F1=0.9591 (best ep 7, 39s)
[ 94/120] balanced      CharBiGRU        seed=2024  F1=0.9590 (best ep 8, 42s)
[ 95/120] balanced      CharBiGRU        seed=777   F1=0.9573 (best ep 9, 45s)
program\experiment_imbalance_protocol.py:156: UserWarning: enable_nested_tensor is True, but self.use_nested_tensor is False because encoder_layer.norm_first was True
  self.encoder = nn.TransformerEncoder(layer, num_layers=layers)
[ 96/120] balanced      CharTransformer  seed=42    F1=0.9544 (best ep 34, 287s)
program\experiment_imbalance_protocol.py:156: UserWarning: enable_nested_tensor is True, but self.use_nested_tensor is False because encoder_layer.norm_first was True
  self.encoder = nn.TransformerEncoder(layer, num_layers=layers)
[ 97/120] balanced      CharTransformer  seed=7     F1=0.9533 (best ep 28, 251s)
program\experiment_imbalance_protocol.py:156: UserWarning: enable_nested_tensor is True, but self.use_nested_tensor is False because encoder_layer.norm_first was True
  self.encoder = nn.TransformerEncoder(layer, num_layers=layers)
[ 98/120] balanced      CharTransformer  seed=123   F1=0.9532 (best ep 36, 310s)
program\experiment_imbalance_protocol.py:156: UserWarning: enable_nested_tensor is True, but self.use_nested_tensor is False because encoder_layer.norm_first was True
  self.encoder = nn.TransformerEncoder(layer, num_layers=layers)
[ 99/120] balanced      CharTransformer  seed=2024  F1=0.9530 (best ep 39, 332s)
program\experiment_imbalance_protocol.py:156: UserWarning: enable_nested_tensor is True, but self.use_nested_tensor is False because encoder_layer.norm_first was True
  self.encoder = nn.TransformerEncoder(layer, num_layers=layers)
[100/120] balanced      CharTransformer  seed=777   F1=0.9544 (best ep 34, 296s)
[101/120] balanced      WordBiRNN        seed=42    F1=0.9316 (best ep 11, 51s)
[102/120] balanced      WordBiRNN        seed=7     F1=0.9268 (best ep 10, 47s)
[103/120] balanced      WordBiRNN        seed=123   F1=0.9312 (best ep 10, 47s)
[104/120] balanced      WordBiRNN        seed=2024  F1=0.9318 (best ep 15, 62s)
[105/120] balanced      WordBiRNN        seed=777   F1=0.9332 (best ep 9, 44s)
[106/120] balanced      WordBiLSTM       seed=42    F1=0.9293 (best ep 8, 42s)
[107/120] balanced      WordBiLSTM       seed=7     F1=0.9288 (best ep 8, 42s)
[108/120] balanced      WordBiLSTM       seed=123   F1=0.9356 (best ep 9, 45s)
[109/120] balanced      WordBiLSTM       seed=2024  F1=0.9341 (best ep 9, 45s)
[110/120] balanced      WordBiLSTM       seed=777   F1=0.9327 (best ep 9, 45s)
[111/120] balanced      WordBiGRU        seed=42    F1=0.9311 (best ep 8, 42s)
[112/120] balanced      WordBiGRU        seed=7     F1=0.9307 (best ep 14, 59s)
[113/120] balanced      WordBiGRU        seed=123   F1=0.9296 (best ep 14, 60s)
[114/120] balanced      WordBiGRU        seed=2024  F1=0.9334 (best ep 9, 45s)
[115/120] balanced      WordBiGRU        seed=777   F1=0.9320 (best ep 9, 45s)
program\experiment_imbalance_protocol.py:156: UserWarning: enable_nested_tensor is True, but self.use_nested_tensor is False because encoder_layer.norm_first was True
  self.encoder = nn.TransformerEncoder(layer, num_layers=layers)
[116/120] balanced      WordTransformer  seed=42    F1=0.9354 (best ep 7, 53s)
program\experiment_imbalance_protocol.py:156: UserWarning: enable_nested_tensor is True, but self.use_nested_tensor is False because encoder_layer.norm_first was True
  self.encoder = nn.TransformerEncoder(layer, num_layers=layers)
[117/120] balanced      WordTransformer  seed=7     F1=0.9350 (best ep 16, 90s)
program\experiment_imbalance_protocol.py:156: UserWarning: enable_nested_tensor is True, but self.use_nested_tensor is False because encoder_layer.norm_first was True
  self.encoder = nn.TransformerEncoder(layer, num_layers=layers)
[118/120] balanced      WordTransformer  seed=123   F1=0.9330 (best ep 14, 82s)
program\experiment_imbalance_protocol.py:156: UserWarning: enable_nested_tensor is True, but self.use_nested_tensor is False because encoder_layer.norm_first was True
  self.encoder = nn.TransformerEncoder(layer, num_layers=layers)
[119/120] balanced      WordTransformer  seed=2024  F1=0.9350 (best ep 16, 91s)
program\experiment_imbalance_protocol.py:156: UserWarning: enable_nested_tensor is True, but self.use_nested_tensor is False because encoder_layer.norm_first was True
  self.encoder = nn.TransformerEncoder(layer, num_layers=layers)
[120/120] balanced      WordTransformer  seed=777   F1=0.9357 (best ep 12, 76s)

wrote results\tables\imbalance_protocol\imbalance_runs.csv
