PyTorch 2.8.0+cu128 | Device: cuda
Loaded char tokenizer: vocab=33

======================================================================
1990-2010 | Train: 77,983 (M=50,450, F=27,533, pos_weight=1.832)
======================================================================
  Ep 01 | tl=0.4932 ta=0.8307 | vl=0.5301 vf1=0.8421 | 1.9s *
  Ep 02 | tl=0.2661 ta=0.9227 | vl=0.4051 vf1=0.8958 | 1.5s *
  Ep 03 | tl=0.2183 ta=0.9389 | vl=0.3105 vf1=0.9186 | 1.5s *
  Ep 04 | tl=0.1878 ta=0.9486 | vl=0.2688 vf1=0.9353 | 1.6s *
  Ep 05 | tl=0.1705 ta=0.9538 | vl=0.3377 vf1=0.9243 | 1.6s
  Ep 06 | tl=0.1578 ta=0.9573 | vl=0.3085 vf1=0.9292 | 1.6s
  Ep 07 | tl=0.1475 ta=0.9606 | vl=0.2672 vf1=0.9409 | 1.6s *
  Ep 08 | tl=0.1374 ta=0.9634 | vl=0.2526 vf1=0.9440 | 1.6s *
  Ep 09 | tl=0.1307 ta=0.9663 | vl=0.2517 vf1=0.9446 | 2.0s *
  Ep 10 | tl=0.1229 ta=0.9680 | vl=0.2874 vf1=0.9382 | 1.9s
  Ep 11 | tl=0.1172 ta=0.9692 | vl=0.3736 vf1=0.9219 | 1.9s
  Ep 12 | tl=0.1115 ta=0.9714 | vl=0.3424 vf1=0.9334 | 1.7s
  Ep 13 | tl=0.0993 ta=0.9754 | vl=0.3510 vf1=0.9304 | 1.8s
  Ep 14 | tl=0.0940 ta=0.9766 | vl=0.3467 vf1=0.9342 | 1.9s
  Ep 15 | tl=0.0893 ta=0.9780 | vl=0.2924 vf1=0.9427 | 1.8s
  Early stop at ep 15
  Best F1 on val 2024-2025: 0.9382

======================================================================
2010-2021 | Train: 99,569 (M=58,032, F=41,537, pos_weight=1.397)
======================================================================
  Ep 01 | tl=0.4021 ta=0.8453 | vl=0.2768 vf1=0.9122 | 2.4s *
  Ep 02 | tl=0.2075 ta=0.9335 | vl=0.2048 vf1=0.9388 | 2.2s *
  Ep 03 | tl=0.1642 ta=0.9503 | vl=0.1860 vf1=0.9481 | 2.3s *
  Ep 04 | tl=0.1469 ta=0.9562 | vl=0.1638 vf1=0.9542 | 2.2s *
  Ep 05 | tl=0.1295 ta=0.9626 | vl=0.1565 vf1=0.9597 | 2.2s *
  Ep 06 | tl=0.1186 ta=0.9665 | vl=0.1533 vf1=0.9611 | 2.2s *
  Ep 07 | tl=0.1112 ta=0.9685 | vl=0.1544 vf1=0.9615 | 2.2s *
  Ep 08 | tl=0.1051 ta=0.9705 | vl=0.1458 vf1=0.9638 | 2.2s *
  Ep 09 | tl=0.0970 ta=0.9733 | vl=0.1449 vf1=0.9649 | 2.2s *
  Ep 10 | tl=0.0924 ta=0.9747 | vl=0.1665 vf1=0.9618 | 2.1s
  Ep 11 | tl=0.0882 ta=0.9761 | vl=0.1443 vf1=0.9660 | 2.1s *
  Ep 12 | tl=0.0837 ta=0.9771 | vl=0.1494 vf1=0.9648 | 2.2s
  Ep 13 | tl=0.0785 ta=0.9795 | vl=0.1482 vf1=0.9652 | 2.2s
  Ep 14 | tl=0.0743 ta=0.9804 | vl=0.1569 vf1=0.9646 | 2.1s
  Ep 15 | tl=0.0646 ta=0.9839 | vl=0.1615 vf1=0.9650 | 2.1s
  Ep 16 | tl=0.0617 ta=0.9846 | vl=0.1529 vf1=0.9646 | 2.2s
  Ep 17 | tl=0.0591 ta=0.9852 | vl=0.1590 vf1=0.9638 | 2.2s
  Early stop at ep 17
  Best F1 on val 2024-2025: 0.9575

======================================================================
1990-2021_full | Train: 169,329 (M=103,281, F=66,048, pos_weight=1.564)
======================================================================
  Ep 01 | tl=0.3469 ta=0.8798 | vl=0.2620 vf1=0.9294 | 3.5s *
  Ep 02 | tl=0.1830 ta=0.9462 | vl=0.1961 vf1=0.9503 | 3.6s *
  Ep 03 | tl=0.1515 ta=0.9572 | vl=0.1883 vf1=0.9543 | 3.8s *
  Ep 04 | tl=0.1341 ta=0.9626 | vl=0.1647 vf1=0.9601 | 3.9s *
  Ep 05 | tl=0.1235 ta=0.9659 | vl=0.1834 vf1=0.9575 | 3.7s
  Ep 06 | tl=0.1152 ta=0.9686 | vl=0.1613 vf1=0.9645 | 3.7s *
  Ep 07 | tl=0.1088 ta=0.9708 | vl=0.1476 vf1=0.9660 | 3.8s *
  Ep 08 | tl=0.1023 ta=0.9728 | vl=0.1495 vf1=0.9662 | 3.7s *
  Ep 09 | tl=0.0984 ta=0.9739 | vl=0.1431 vf1=0.9678 | 3.8s *
  Ep 10 | tl=0.0944 ta=0.9753 | vl=0.1484 vf1=0.9684 | 3.7s *
  Ep 11 | tl=0.0896 ta=0.9766 | vl=0.1620 vf1=0.9672 | 3.9s
  Ep 12 | tl=0.0848 ta=0.9778 | vl=0.1543 vf1=0.9660 | 3.9s
  Ep 13 | tl=0.0752 ta=0.9812 | vl=0.1589 vf1=0.9666 | 3.8s
  Ep 14 | tl=0.0718 ta=0.9821 | vl=0.1654 vf1=0.9669 | 3.8s
  Ep 15 | tl=0.0692 ta=0.9830 | vl=0.1576 vf1=0.9663 | 3.8s
  Ep 16 | tl=0.0635 ta=0.9849 | vl=0.1632 vf1=0.9664 | 3.8s
  Early stop at ep 16
  Best F1 on val 2024-2025: 0.9588

======================================================================
CROSS-DECADE TRANSFER RESULTS (CharBiLSTM on val 2024-2025)
======================================================================
           Era  Train_N  Train_M  Train_F  Pos_Weight  Val_Acc  Val_Prec  Val_Rec  Val_F1
     1990-2010    77983    50450    27533      1.8323   0.9389    0.9662   0.9117  0.9382
     2010-2021    99569    58032    41537      1.3971   0.9572    0.9671   0.9480  0.9575
1990-2021_full   169329   103281    66048      1.5637   0.9586    0.9694   0.9484  0.9588

Saved: results\tables\temporal\cross_decade_results_charbilstm.csv
