
### pipeline/figures_eda.py
Train 169,329 | Dev 16,882 | Test 15,923 | Corpus 202,134
L:P ratio  Train 1.56:1  Dev 1.05:1  Test 0.97:1
  01_label_distribution.png  298 KB
  02_name_length_distribution.png  254 KB
  03_suffix_analysis_by_gender.png  401 KB
  04_first_word_distribution.png  423 KB

4 figures at 600 dpi, copies in results\final\13_figures

### program/regen_figures_weighted.py
Loading weighted artifacts...

Fig. 5: Model comparison bars...
  Saved: 05_model_comparison_bars_w.png

Fig. 6: Params vs F1 scatter (8 models)...
  Saved: 06_params_vs_f1_w.png

Fig. 7: Training curves...
  Saved: 06_training_curves_w.png  (paper Fig. 7 after renumber)

Fig. 8: Confusion matrix for CharBiGRU (new best)...
  Saved: 07_confusion_matrix_CharBiGRU_w.png  (paper Fig. 8)

Fig. 9: Accuracy by name length...
  Saved: 08_accuracy_by_name_length_w.png  (paper Fig. 9)
  Saved: accuracy_by_name_length_weighted.csv

TABLE III data:
Length       Samples    CharBiGRU            WordTransformer      Gap     
----------------------------------------------------------------------
1 word       141        0.8511               0.6879               +16.3 pp
2 words      3810       0.9609               0.9236               +3.7 pp
3 words      9752       0.9571               0.9392               +1.8 pp
4 words      2067       0.9652               0.9521               +1.3 pp
5+ words     153        0.9673               0.9085               +5.9 pp

Done.

### program/generate_attention_weighted.py
C:\Users\<host>\AppData\Roaming\Python\Python310\site-packages\torch\nn\modules\transformer.py:392: UserWarning: enable_nested_tensor is True, but self.use_nested_tensor is False because encoder_layer.norm_first was True
  warnings.warn(
Loading WEIGHTED models...
[Predictor] Loaded 8 models (suffix='_weighted') on cuda

Collecting attention (2 names x 8 models)...

Generate heatmap per name...
  Saved: results\figures\13a_attn_dewi_kartika_w.png
  Saved: results\figures\13a_attn_ahmad_fauzan_w.png

Entropy table + chart...
  Saved: results\tables\attention_entropy_weighted.csv
  Saved: results\figures\13_attention_entropy_w.png

Model                Level      Mean H      Std
----------------------------------------------
CharBiLSTM           char       2.9559   0.4939
CharBiGRU            char       2.5719   0.1575
CharBiRNN            char       1.6266   0.4334
CharTransformer      char       3.5232   0.0077
WordBiLSTM           word       0.5381   0.4440
WordBiGRU            word       0.5979   0.3916
WordBiRNN            word       0.7021   0.2829
WordTransformer      word       0.9779   0.0219

Done.

### program/generate_external_validation_chart.py
Saved: results\figures\12_external_validation.png

### pipeline/make_figures.py
  13_attention_entropy_fullval.png  116 KB
  suffix_heatmap_female.png  311 KB
  14_per_year_f1.png  206 KB

3 figure(s) written, copies in results\final\13_figures

### pipeline/figures_prior.py
  14_prior_comparison.png  179 KB at 600 dpi
    Prior work [11]    92.25
    CharBiGRU          95.91
    CharBiLSTM         95.85
    CharBiRNN          95.69
    CharTransformer    95.26
